[20-Oct-2025 20:08:25 UTC] PHP Notice:  Function _load_textdomain_just_in_time was called <strong>incorrectly</strong>. Translation loading for the <code>acf</code> domain was triggered too early. This is usually an indicator for some code in the plugin or theme running too early. Translations should be loaded at the <code>init</code> action or later. Please see <a href="https://developer.wordpress.org/advanced-administration/debug/debug-wordpress/">Debugging in WordPress</a> for more information. (This message was added in version 6.7.0.) in C:\xampp\htdocs\patvirtual\wp-includes\functions.php on line 6121
[20-Oct-2025 20:08:25 UTC] PHP Deprecated:  Creation of dynamic property ACF::$fields is deprecated in C:\xampp\htdocs\patvirtual\wp-content\plugins\advanced-custom-fields-pro\includes\fields.php on line 138
[20-Oct-2025 20:08:25 UTC] PHP Deprecated:  Creation of dynamic property acf_loop::$loops is deprecated in C:\xampp\htdocs\patvirtual\wp-content\plugins\advanced-custom-fields-pro\includes\loop.php on line 28
[20-Oct-2025 20:08:25 UTC] PHP Deprecated:  Creation of dynamic property ACF::$loop is deprecated in C:\xampp\htdocs\patvirtual\wp-content\plugins\advanced-custom-fields-pro\includes\loop.php on line 269
[20-Oct-2025 20:08:25 UTC] PHP Deprecated:  Creation of dynamic property ACF::$revisions is deprecated in C:\xampp\htdocs\patvirtual\wp-content\plugins\advanced-custom-fields-pro\includes\revisions.php on line 397
[20-Oct-2025 20:08:25 UTC] PHP Deprecated:  Creation of dynamic property acf_validation::$errors is deprecated in C:\xampp\htdocs\patvirtual\wp-content\plugins\advanced-custom-fields-pro\includes\validation.php on line 28
[20-Oct-2025 20:08:25 UTC] PHP Deprecated:  Creation of dynamic property ACF::$validation is deprecated in C:\xampp\htdocs\patvirtual\wp-content\plugins\advanced-custom-fields-pro\includes\validation.php on line 214
[20-Oct-2025 20:08:25 UTC] PHP Deprecated:  Creation of dynamic property acf_form_customizer::$preview_values is deprecated in C:\xampp\htdocs\patvirtual\wp-content\plugins\advanced-custom-fields-pro\includes\forms\form-customizer.php on line 28
[20-Oct-2025 20:08:25 UTC] PHP Deprecated:  Creation of dynamic property acf_form_customizer::$preview_fields is deprecated in C:\xampp\htdocs\patvirtual\wp-content\plugins\advanced-custom-fields-pro\includes\forms\form-customizer.php on line 29
[20-Oct-2025 20:08:25 UTC] PHP Deprecated:  Creation of dynamic property acf_form_customizer::$preview_errors is deprecated in C:\xampp\htdocs\patvirtual\wp-content\plugins\advanced-custom-fields-pro\includes\forms\form-customizer.php on line 30
[20-Oct-2025 20:08:25 UTC] PHP Deprecated:  Creation of dynamic property ACF::$form_front is deprecated in C:\xampp\htdocs\patvirtual\wp-content\plugins\advanced-custom-fields-pro\includes\forms\form-front.php on line 598
[20-Oct-2025 20:08:25 UTC] PHP Deprecated:  Creation of dynamic property acf_form_widget::$preview_values is deprecated in C:\xampp\htdocs\patvirtual\wp-content\plugins\advanced-custom-fields-pro\includes\forms\form-widget.php on line 34
[20-Oct-2025 20:08:25 UTC] PHP Deprecated:  Creation of dynamic property acf_form_widget::$preview_reference is deprecated in C:\xampp\htdocs\patvirtual\wp-content\plugins\advanced-custom-fields-pro\includes\forms\form-widget.php on line 35
[20-Oct-2025 20:08:25 UTC] PHP Deprecated:  Creation of dynamic property acf_form_widget::$preview_errors is deprecated in C:\xampp\htdocs\patvirtual\wp-content\plugins\advanced-custom-fields-pro\includes\forms\form-widget.php on line 36
[20-Oct-2025 20:08:25 UTC] PHP Deprecated:  Creation of dynamic property ACF::$admin_tools is deprecated in C:\xampp\htdocs\patvirtual\wp-content\plugins\advanced-custom-fields-pro\includes\admin\admin-tools.php on line 282
[20-Oct-2025 20:08:25 UTC] PHP Fatal error:  Uncaught Error: Class "PLL_Lingotek" not found in C:\xampp\htdocs\patvirtual\wp-content\plugins\polylang\modules\lingotek\load.php:13
Stack trace:
#0 C:\xampp\htdocs\patvirtual\wp-content\plugins\polylang\include\class-polylang.php(287): require_once()
#1 C:\xampp\htdocs\patvirtual\wp-content\plugins\polylang\include\class-polylang.php(234): Polylang->init_context('PLL_Admin', Object(PLL_Model))
#2 C:\xampp\htdocs\patvirtual\wp-includes\class-wp-hook.php(324): Polylang->init('')
#3 C:\xampp\htdocs\patvirtual\wp-includes\class-wp-hook.php(348): WP_Hook->apply_filters(NULL, Array)
#4 C:\xampp\htdocs\patvirtual\wp-includes\plugin.php(517): WP_Hook->do_action(Array)
#5 C:\xampp\htdocs\patvirtual\wp-settings.php(578): do_action('plugins_loaded')
#6 C:\xampp\htdocs\patvirtual\wp-config.php(106): require_once('C:\\xampp\\htdocs...')
#7 C:\xampp\htdocs\patvirtual\wp-load.php(50): require_once('C:\\xampp\\htdocs...')
#8 C:\xampp\htdocs\patvirtual\wp-admin\admin-post.php(17): require_once('C:\\xampp\\htdocs...')
#9 {main}
  thrown in C:\xampp\htdocs\patvirtual\wp-content\plugins\polylang\modules\lingotek\load.php on line 13
[20-Oct-2025 20:08:25 UTC] PHP Deprecated:  rtrim(): Passing null to parameter #1 ($string) of type string is deprecated in C:\xampp\htdocs\patvirtual\wp-includes\formatting.php on line 2829
